[2025-09-06T21:49:37.865+0000] {taskinstance.py:1125} INFO - Dependencies all met for dep_context=non-requeueable deps ti=<TaskInstance: orquestador.insert_penguins scheduled__2023-01-01T00:00:00+00:00 [queued]>
[2025-09-06T21:49:37.875+0000] {taskinstance.py:1125} INFO - Dependencies all met for dep_context=requeueable deps ti=<TaskInstance: orquestador.insert_penguins scheduled__2023-01-01T00:00:00+00:00 [queued]>
[2025-09-06T21:49:37.876+0000] {taskinstance.py:1331} INFO - Starting attempt 1 of 1
[2025-09-06T21:49:37.892+0000] {taskinstance.py:1350} INFO - Executing <Task(PythonOperator): insert_penguins> on 2023-01-01 00:00:00+00:00
[2025-09-06T21:49:37.899+0000] {standard_task_runner.py:57} INFO - Started process 114 to run task
[2025-09-06T21:49:37.910+0000] {standard_task_runner.py:84} INFO - Running: ['***', 'tasks', 'run', 'orquestador', 'insert_penguins', 'scheduled__2023-01-01T00:00:00+00:00', '--job-id', '13', '--raw', '--subdir', 'DAGS_FOLDER/orquestador.py', '--cfg-path', '/tmp/tmps2er1kdl']
[2025-09-06T21:49:37.914+0000] {standard_task_runner.py:85} INFO - Job 13: Subtask insert_penguins
[2025-09-06T21:49:37.972+0000] {task_command.py:410} INFO - Running <TaskInstance: orquestador.insert_penguins scheduled__2023-01-01T00:00:00+00:00 [running]> on host 82e428de455a
[2025-09-06T21:49:38.089+0000] {taskinstance.py:1570} INFO - Exporting env vars: AIRFLOW_CTX_DAG_OWNER='***' AIRFLOW_CTX_DAG_ID='orquestador' AIRFLOW_CTX_TASK_ID='insert_penguins' AIRFLOW_CTX_EXECUTION_DATE='2023-01-01T00:00:00+00:00' AIRFLOW_CTX_TRY_NUMBER='1' AIRFLOW_CTX_DAG_RUN_ID='scheduled__2023-01-01T00:00:00+00:00'
[2025-09-06T21:49:38.097+0000] {crypto.py:83} WARNING - empty cryptography key - values will not be stored encrypted.
[2025-09-06T21:49:38.097+0000] {base.py:73} INFO - Using connection ID 'mysql_conn' for task execution.
[2025-09-06T21:49:38.268+0000] {python.py:183} INFO - Done. Returned value was: None
[2025-09-06T21:49:38.288+0000] {taskinstance.py:1373} INFO - Marking task as SUCCESS. dag_id=orquestador, task_id=insert_penguins, execution_date=20230101T000000, start_date=20250906T214937, end_date=20250906T214938
[2025-09-06T21:49:38.317+0000] {local_task_job_runner.py:232} INFO - Task exited with return code 0
[2025-09-06T21:49:38.364+0000] {taskinstance.py:2674} INFO - 1 downstream tasks scheduled from follow-on schedule check
[2025-09-06T22:04:20.109+0000] {taskinstance.py:1125} INFO - Dependencies all met for dep_context=non-requeueable deps ti=<TaskInstance: orquestador.insert_penguins scheduled__2023-01-01T00:00:00+00:00 [queued]>
[2025-09-06T22:04:20.136+0000] {taskinstance.py:1125} INFO - Dependencies all met for dep_context=requeueable deps ti=<TaskInstance: orquestador.insert_penguins scheduled__2023-01-01T00:00:00+00:00 [queued]>
[2025-09-06T22:04:20.136+0000] {taskinstance.py:1331} INFO - Starting attempt 1 of 1
[2025-09-06T22:04:20.167+0000] {taskinstance.py:1350} INFO - Executing <Task(PythonOperator): insert_penguins> on 2023-01-01 00:00:00+00:00
[2025-09-06T22:04:20.179+0000] {standard_task_runner.py:57} INFO - Started process 111 to run task
[2025-09-06T22:04:20.186+0000] {standard_task_runner.py:84} INFO - Running: ['***', 'tasks', 'run', 'orquestador', 'insert_penguins', 'scheduled__2023-01-01T00:00:00+00:00', '--job-id', '7', '--raw', '--subdir', 'DAGS_FOLDER/orquestador.py', '--cfg-path', '/tmp/tmpb75oa532']
[2025-09-06T22:04:20.199+0000] {standard_task_runner.py:85} INFO - Job 7: Subtask insert_penguins
[2025-09-06T22:04:20.340+0000] {task_command.py:410} INFO - Running <TaskInstance: orquestador.insert_penguins scheduled__2023-01-01T00:00:00+00:00 [running]> on host b0f46732fbd8
[2025-09-06T22:04:20.544+0000] {taskinstance.py:1570} INFO - Exporting env vars: AIRFLOW_CTX_DAG_OWNER='***' AIRFLOW_CTX_DAG_ID='orquestador' AIRFLOW_CTX_TASK_ID='insert_penguins' AIRFLOW_CTX_EXECUTION_DATE='2023-01-01T00:00:00+00:00' AIRFLOW_CTX_TRY_NUMBER='1' AIRFLOW_CTX_DAG_RUN_ID='scheduled__2023-01-01T00:00:00+00:00'
[2025-09-06T22:04:20.571+0000] {crypto.py:83} WARNING - empty cryptography key - values will not be stored encrypted.
[2025-09-06T22:04:20.574+0000] {base.py:73} INFO - Using connection ID 'mysql_conn' for task execution.
[2025-09-06T22:04:20.767+0000] {python.py:183} INFO - Done. Returned value was: None
[2025-09-06T22:04:20.780+0000] {taskinstance.py:1373} INFO - Marking task as SUCCESS. dag_id=orquestador, task_id=insert_penguins, execution_date=20230101T000000, start_date=20250906T220420, end_date=20250906T220420
[2025-09-06T22:04:20.825+0000] {local_task_job_runner.py:232} INFO - Task exited with return code 0
[2025-09-06T22:04:20.885+0000] {taskinstance.py:2674} INFO - 1 downstream tasks scheduled from follow-on schedule check
[2025-10-01T01:17:13.276+0000] {taskinstance.py:1125} INFO - Dependencies all met for dep_context=non-requeueable deps ti=<TaskInstance: orquestador.insert_penguins scheduled__2023-01-01T00:00:00+00:00 [queued]>
[2025-10-01T01:17:13.287+0000] {taskinstance.py:1125} INFO - Dependencies all met for dep_context=requeueable deps ti=<TaskInstance: orquestador.insert_penguins scheduled__2023-01-01T00:00:00+00:00 [queued]>
[2025-10-01T01:17:13.287+0000] {taskinstance.py:1331} INFO - Starting attempt 1 of 1
[2025-10-01T01:17:13.302+0000] {taskinstance.py:1350} INFO - Executing <Task(PythonOperator): insert_penguins> on 2023-01-01 00:00:00+00:00
[2025-10-01T01:17:13.310+0000] {standard_task_runner.py:57} INFO - Started process 106 to run task
[2025-10-01T01:17:13.322+0000] {standard_task_runner.py:84} INFO - Running: ['***', 'tasks', 'run', 'orquestador', 'insert_penguins', 'scheduled__2023-01-01T00:00:00+00:00', '--job-id', '24', '--raw', '--subdir', 'DAGS_FOLDER/orquestador.py', '--cfg-path', '/tmp/tmpjl23bvbi']
[2025-10-01T01:17:13.329+0000] {standard_task_runner.py:85} INFO - Job 24: Subtask insert_penguins
[2025-10-01T01:17:13.405+0000] {task_command.py:410} INFO - Running <TaskInstance: orquestador.insert_penguins scheduled__2023-01-01T00:00:00+00:00 [running]> on host d3b1a6dd162c
[2025-10-01T01:17:13.505+0000] {taskinstance.py:1570} INFO - Exporting env vars: AIRFLOW_CTX_DAG_OWNER='***' AIRFLOW_CTX_DAG_ID='orquestador' AIRFLOW_CTX_TASK_ID='insert_penguins' AIRFLOW_CTX_EXECUTION_DATE='2023-01-01T00:00:00+00:00' AIRFLOW_CTX_TRY_NUMBER='1' AIRFLOW_CTX_DAG_RUN_ID='scheduled__2023-01-01T00:00:00+00:00'
[2025-10-01T01:17:13.546+0000] {logging_mixin.py:149} INFO - Status Code: 200
[2025-10-01T01:17:13.546+0000] {logging_mixin.py:149} INFO - Content-Type: application/json
[2025-10-01T01:17:13.556+0000] {logging_mixin.py:149} INFO - 
Grupo: 7
[2025-10-01T01:17:13.556+0000] {logging_mixin.py:149} INFO - Batch: 3
[2025-10-01T01:17:13.557+0000] {logging_mixin.py:149} INFO - Número de registros: 5810
[2025-10-01T01:17:13.561+0000] {logging_mixin.py:149} INFO - 
--- Primeras 10 filas ---
[2025-10-01T01:17:13.579+0000] {logging_mixin.py:149} INFO -      0    1   2    3    4     5    6    7    8     9          10     11 12
0  3011   10  17  362  152  1167  200  204  138  3534  Commanche  C7700  0
1  3019   67  12   30    2   417  232  217  116  1045      Rawah  C7201  0
2  2837  279  17  685   76  2071  172  240  207  1832  Commanche  C6102  4
3  3036    6   2  787   19  1416  216  234  155   607  Commanche  C7756  0
4  3130  187  12  120   21   408  221  249  159  2014      Rawah  C7201  0
5  3093  347  17  180   59   959  185  210  162  1473  Commanche  C7756  1
6  3014  108  30  201   65   649  254  190   40  2769  Commanche  C7757  0
7  3230   49  13   42   -7  4094  225  211  117  3399  Commanche  C7201  6
8  3075  228   6  108   12  1889  211  246  172   510  Commanche  C7756  1
9  2940   25  12  218   45  2028  214  215  135  3031  Commanche  C7757  1
[2025-10-01T01:17:13.579+0000] {logging_mixin.py:149} INFO - 
--- Info del DataFrame ---
[2025-10-01T01:17:13.580+0000] {logging_mixin.py:149} INFO - Shape: (5810, 13)
[2025-10-01T01:17:13.580+0000] {logging_mixin.py:149} INFO - Columnas: [0, 1, 2, 3, 4, 5, 6, 7, 8, 9, 10, 11, 12]
[2025-10-01T01:17:13.581+0000] {crypto.py:83} WARNING - empty cryptography key - values will not be stored encrypted.
[2025-10-01T01:17:13.582+0000] {base.py:73} INFO - Using connection ID 'mysql_conn' for task execution.
[2025-10-01T01:17:13.596+0000] {taskinstance.py:1847} ERROR - Task failed with exception
Traceback (most recent call last):
  File "/home/airflow/.local/lib/python3.7/site-packages/airflow/operators/python.py", line 181, in execute
    return_value = self.execute_callable()
  File "/home/airflow/.local/lib/python3.7/site-packages/airflow/operators/python.py", line 198, in execute_callable
    return self.python_callable(*self.op_args, **self.op_kwargs)
  File "/opt/airflow/dags/scripts/funciones.py", line 80, in insert_data
    int(row["Elevation"]),
  File "/home/airflow/.local/lib/python3.7/site-packages/pandas/core/series.py", line 942, in __getitem__
    return self._get_value(key)
  File "/home/airflow/.local/lib/python3.7/site-packages/pandas/core/series.py", line 1051, in _get_value
    loc = self.index.get_loc(label)
  File "/home/airflow/.local/lib/python3.7/site-packages/pandas/core/indexes/range.py", line 388, in get_loc
    raise KeyError(key)
KeyError: 'Elevation'
[2025-10-01T01:17:13.606+0000] {taskinstance.py:1373} INFO - Marking task as FAILED. dag_id=orquestador, task_id=insert_penguins, execution_date=20230101T000000, start_date=20251001T011713, end_date=20251001T011713
[2025-10-01T01:17:13.619+0000] {standard_task_runner.py:109} ERROR - Failed to execute job 24 for task insert_penguins ('Elevation'; 106)
[2025-10-01T01:17:13.648+0000] {local_task_job_runner.py:232} INFO - Task exited with return code 1
[2025-10-01T01:17:13.680+0000] {taskinstance.py:2674} INFO - 0 downstream tasks scheduled from follow-on schedule check
