[2025-09-06T21:49:35.681+0000] {taskinstance.py:1125} INFO - Dependencies all met for dep_context=non-requeueable deps ti=<TaskInstance: orquestador.create_table_clean scheduled__2023-01-01T00:00:00+00:00 [queued]>
[2025-09-06T21:49:35.695+0000] {taskinstance.py:1125} INFO - Dependencies all met for dep_context=requeueable deps ti=<TaskInstance: orquestador.create_table_clean scheduled__2023-01-01T00:00:00+00:00 [queued]>
[2025-09-06T21:49:35.696+0000] {taskinstance.py:1331} INFO - Starting attempt 1 of 1
[2025-09-06T21:49:35.715+0000] {taskinstance.py:1350} INFO - Executing <Task(MySqlOperator): create_table_clean> on 2023-01-01 00:00:00+00:00
[2025-09-06T21:49:35.723+0000] {standard_task_runner.py:57} INFO - Started process 111 to run task
[2025-09-06T21:49:35.727+0000] {standard_task_runner.py:84} INFO - Running: ['***', 'tasks', 'run', 'orquestador', 'create_table_clean', 'scheduled__2023-01-01T00:00:00+00:00', '--job-id', '12', '--raw', '--subdir', 'DAGS_FOLDER/orquestador.py', '--cfg-path', '/tmp/tmpbdruk3d6']
[2025-09-06T21:49:35.732+0000] {standard_task_runner.py:85} INFO - Job 12: Subtask create_table_clean
[2025-09-06T21:49:35.798+0000] {task_command.py:410} INFO - Running <TaskInstance: orquestador.create_table_clean scheduled__2023-01-01T00:00:00+00:00 [running]> on host 82e428de455a
[2025-09-06T21:49:35.909+0000] {taskinstance.py:1570} INFO - Exporting env vars: AIRFLOW_CTX_DAG_OWNER='***' AIRFLOW_CTX_DAG_ID='orquestador' AIRFLOW_CTX_TASK_ID='create_table_clean' AIRFLOW_CTX_EXECUTION_DATE='2023-01-01T00:00:00+00:00' AIRFLOW_CTX_TRY_NUMBER='1' AIRFLOW_CTX_DAG_RUN_ID='scheduled__2023-01-01T00:00:00+00:00'
[2025-09-06T21:49:35.910+0000] {sql.py:262} INFO - Executing:  CREATE TABLE penguins_clean (
    species INT NULL,
    bill_length_mm DOUBLE NULL,
    bill_depth_mm DOUBLE NULL,
    flipper_length_mm DOUBLE NULL,
    body_mass_g DOUBLE NULL,
    year INT NULL,
    island_Biscoe INT NULL,
    island_Dream INT NULL,
    island_Torgersen INT NULL,
    sex_female INT NULL,
    sex_male INT NULL
        );      
        
[2025-09-06T21:49:35.910+0000] {crypto.py:83} WARNING - empty cryptography key - values will not be stored encrypted.
[2025-09-06T21:49:35.911+0000] {base.py:73} INFO - Using connection ID 'mysql_conn' for task execution.
[2025-09-06T21:49:35.991+0000] {base.py:73} INFO - Using connection ID 'mysql_conn' for task execution.
[2025-09-06T21:49:36.004+0000] {sql.py:375} INFO - Running statement:  CREATE TABLE penguins_clean (
    species INT NULL,
    bill_length_mm DOUBLE NULL,
    bill_depth_mm DOUBLE NULL,
    flipper_length_mm DOUBLE NULL,
    body_mass_g DOUBLE NULL,
    year INT NULL,
    island_Biscoe INT NULL,
    island_Dream INT NULL,
    island_Torgersen INT NULL,
    sex_female INT NULL,
    sex_male INT NULL
        );      
        , parameters: None
[2025-09-06T21:49:36.027+0000] {sql.py:384} INFO - Rows affected: 0
[2025-09-06T21:49:36.041+0000] {taskinstance.py:1373} INFO - Marking task as SUCCESS. dag_id=orquestador, task_id=create_table_clean, execution_date=20230101T000000, start_date=20250906T214935, end_date=20250906T214936
[2025-09-06T21:49:36.065+0000] {local_task_job_runner.py:232} INFO - Task exited with return code 0
[2025-09-06T21:49:36.107+0000] {taskinstance.py:2674} INFO - 1 downstream tasks scheduled from follow-on schedule check
[2025-09-06T22:04:16.475+0000] {taskinstance.py:1125} INFO - Dependencies all met for dep_context=non-requeueable deps ti=<TaskInstance: orquestador.create_table_clean scheduled__2023-01-01T00:00:00+00:00 [queued]>
[2025-09-06T22:04:16.488+0000] {taskinstance.py:1125} INFO - Dependencies all met for dep_context=requeueable deps ti=<TaskInstance: orquestador.create_table_clean scheduled__2023-01-01T00:00:00+00:00 [queued]>
[2025-09-06T22:04:16.488+0000] {taskinstance.py:1331} INFO - Starting attempt 1 of 1
[2025-09-06T22:04:16.503+0000] {taskinstance.py:1350} INFO - Executing <Task(MySqlOperator): create_table_clean> on 2023-01-01 00:00:00+00:00
[2025-09-06T22:04:16.510+0000] {standard_task_runner.py:57} INFO - Started process 101 to run task
[2025-09-06T22:04:16.523+0000] {standard_task_runner.py:84} INFO - Running: ['***', 'tasks', 'run', 'orquestador', 'create_table_clean', 'scheduled__2023-01-01T00:00:00+00:00', '--job-id', '6', '--raw', '--subdir', 'DAGS_FOLDER/orquestador.py', '--cfg-path', '/tmp/tmpvdy171tf']
[2025-09-06T22:04:16.526+0000] {standard_task_runner.py:85} INFO - Job 6: Subtask create_table_clean
[2025-09-06T22:04:16.633+0000] {task_command.py:410} INFO - Running <TaskInstance: orquestador.create_table_clean scheduled__2023-01-01T00:00:00+00:00 [running]> on host b0f46732fbd8
[2025-09-06T22:04:16.763+0000] {taskinstance.py:1570} INFO - Exporting env vars: AIRFLOW_CTX_DAG_OWNER='***' AIRFLOW_CTX_DAG_ID='orquestador' AIRFLOW_CTX_TASK_ID='create_table_clean' AIRFLOW_CTX_EXECUTION_DATE='2023-01-01T00:00:00+00:00' AIRFLOW_CTX_TRY_NUMBER='1' AIRFLOW_CTX_DAG_RUN_ID='scheduled__2023-01-01T00:00:00+00:00'
[2025-09-06T22:04:16.763+0000] {sql.py:262} INFO - Executing:  CREATE TABLE penguins_clean (
    species INT NULL,
    bill_length_mm DOUBLE NULL,
    bill_depth_mm DOUBLE NULL,
    flipper_length_mm DOUBLE NULL,
    body_mass_g DOUBLE NULL,
    year INT NULL,
    island_Biscoe INT NULL,
    island_Dream INT NULL,
    island_Torgersen INT NULL,
    sex_female INT NULL,
    sex_male INT NULL
        );      
        
[2025-09-06T22:04:16.764+0000] {crypto.py:83} WARNING - empty cryptography key - values will not be stored encrypted.
[2025-09-06T22:04:16.765+0000] {base.py:73} INFO - Using connection ID 'mysql_conn' for task execution.
[2025-09-06T22:04:16.837+0000] {base.py:73} INFO - Using connection ID 'mysql_conn' for task execution.
[2025-09-06T22:04:16.859+0000] {sql.py:375} INFO - Running statement:  CREATE TABLE penguins_clean (
    species INT NULL,
    bill_length_mm DOUBLE NULL,
    bill_depth_mm DOUBLE NULL,
    flipper_length_mm DOUBLE NULL,
    body_mass_g DOUBLE NULL,
    year INT NULL,
    island_Biscoe INT NULL,
    island_Dream INT NULL,
    island_Torgersen INT NULL,
    sex_female INT NULL,
    sex_male INT NULL
        );      
        , parameters: None
[2025-09-06T22:04:16.924+0000] {sql.py:384} INFO - Rows affected: 0
[2025-09-06T22:04:16.956+0000] {taskinstance.py:1373} INFO - Marking task as SUCCESS. dag_id=orquestador, task_id=create_table_clean, execution_date=20230101T000000, start_date=20250906T220416, end_date=20250906T220416
[2025-09-06T22:04:17.009+0000] {local_task_job_runner.py:232} INFO - Task exited with return code 0
[2025-09-06T22:04:17.064+0000] {taskinstance.py:2674} INFO - 1 downstream tasks scheduled from follow-on schedule check
[2025-10-01T01:17:11.073+0000] {taskinstance.py:1125} INFO - Dependencies all met for dep_context=non-requeueable deps ti=<TaskInstance: orquestador.create_table_clean scheduled__2023-01-01T00:00:00+00:00 [queued]>
[2025-10-01T01:17:11.084+0000] {taskinstance.py:1125} INFO - Dependencies all met for dep_context=requeueable deps ti=<TaskInstance: orquestador.create_table_clean scheduled__2023-01-01T00:00:00+00:00 [queued]>
[2025-10-01T01:17:11.085+0000] {taskinstance.py:1331} INFO - Starting attempt 1 of 1
[2025-10-01T01:17:11.101+0000] {taskinstance.py:1350} INFO - Executing <Task(MySqlOperator): create_table_clean> on 2023-01-01 00:00:00+00:00
[2025-10-01T01:17:11.109+0000] {standard_task_runner.py:57} INFO - Started process 103 to run task
[2025-10-01T01:17:11.116+0000] {standard_task_runner.py:84} INFO - Running: ['***', 'tasks', 'run', 'orquestador', 'create_table_clean', 'scheduled__2023-01-01T00:00:00+00:00', '--job-id', '23', '--raw', '--subdir', 'DAGS_FOLDER/orquestador.py', '--cfg-path', '/tmp/tmpg6rbuqri']
[2025-10-01T01:17:11.122+0000] {standard_task_runner.py:85} INFO - Job 23: Subtask create_table_clean
[2025-10-01T01:17:11.197+0000] {task_command.py:410} INFO - Running <TaskInstance: orquestador.create_table_clean scheduled__2023-01-01T00:00:00+00:00 [running]> on host d3b1a6dd162c
[2025-10-01T01:17:11.325+0000] {taskinstance.py:1570} INFO - Exporting env vars: AIRFLOW_CTX_DAG_OWNER='***' AIRFLOW_CTX_DAG_ID='orquestador' AIRFLOW_CTX_TASK_ID='create_table_clean' AIRFLOW_CTX_EXECUTION_DATE='2023-01-01T00:00:00+00:00' AIRFLOW_CTX_TRY_NUMBER='1' AIRFLOW_CTX_DAG_RUN_ID='scheduled__2023-01-01T00:00:00+00:00'
[2025-10-01T01:17:11.326+0000] {sql.py:262} INFO - Executing:  CREATE TABLE forest_clean (
            Elevation INT NULL,
            Aspect INT NULL,
            Slope INT NULL,
            Horizontal_Distance_To_Hydrology INT NULL,
            Vertical_Distance_To_Hydrology INT NULL,
            Horizontal_Distance_To_Roadways INT NULL,
            Hillshade_9am INT NULL,
            Hillshade_Noon INT NULL,
            Hillshade_3pm INT NULL,
            Horizontal_Distance_To_Fire_Points INT NULL,
            Cover_Type INT NULL,
            Wilderness_Area_Cache INT NULL,
            Wilderness_Area_Commanche INT NULL,
            Wilderness_Area_Neota INT NULL,
            Wilderness_Area_Rawah INT NULL,
            Soil_Type_C2702 INT NULL,
            Soil_Type_C2703 INT NULL,
            Soil_Type_C2704 INT NULL,
            Soil_Type_C2705 INT NULL,
            Soil_Type_C2706 INT NULL,
            Soil_Type_C2717 INT NULL,
            Soil_Type_C3502 INT NULL,
            Soil_Type_C4201 INT NULL,
            Soil_Type_C4703 INT NULL,
            Soil_Type_C4704 INT NULL,
            Soil_Type_C4744 INT NULL,
            Soil_Type_C4758 INT NULL,
            Soil_Type_C5101 INT NULL,
            Soil_Type_C6101 INT NULL,
            Soil_Type_C6102 INT NULL,
            Soil_Type_C6731 INT NULL,
            Soil_Type_C7101 INT NULL,
            Soil_Type_C7102 INT NULL,
            Soil_Type_C7103 INT NULL,
            Soil_Type_C7201 INT NULL,
            Soil_Type_C7202 INT NULL,
            Soil_Type_C7700 INT NULL,
            Soil_Type_C7701 INT NULL,
            Soil_Type_C7702 INT NULL,
            Soil_Type_C7709 INT NULL,
            Soil_Type_C7710 INT NULL,
            Soil_Type_C7745 INT NULL,
            Soil_Type_C7746 INT NULL,
            Soil_Type_C7755 INT NULL,
            Soil_Type_C7756 INT NULL,
            Soil_Type_C7757 INT NULL,
            Soil_Type_C7790 INT NULL,
            Soil_Type_C8703 INT NULL,
            Soil_Type_C8707 INT NULL,
            Soil_Type_C8708 INT NULL,
            Soil_Type_C8771 INT NULL,
            Soil_Type_C8772 INT NULL,
            Soil_Type_C8776 INT NULL
        )
        
[2025-10-01T01:17:11.327+0000] {crypto.py:83} WARNING - empty cryptography key - values will not be stored encrypted.
[2025-10-01T01:17:11.328+0000] {base.py:73} INFO - Using connection ID 'mysql_conn' for task execution.
[2025-10-01T01:17:11.397+0000] {base.py:73} INFO - Using connection ID 'mysql_conn' for task execution.
[2025-10-01T01:17:11.410+0000] {sql.py:375} INFO - Running statement:  CREATE TABLE forest_clean (
            Elevation INT NULL,
            Aspect INT NULL,
            Slope INT NULL,
            Horizontal_Distance_To_Hydrology INT NULL,
            Vertical_Distance_To_Hydrology INT NULL,
            Horizontal_Distance_To_Roadways INT NULL,
            Hillshade_9am INT NULL,
            Hillshade_Noon INT NULL,
            Hillshade_3pm INT NULL,
            Horizontal_Distance_To_Fire_Points INT NULL,
            Cover_Type INT NULL,
            Wilderness_Area_Cache INT NULL,
            Wilderness_Area_Commanche INT NULL,
            Wilderness_Area_Neota INT NULL,
            Wilderness_Area_Rawah INT NULL,
            Soil_Type_C2702 INT NULL,
            Soil_Type_C2703 INT NULL,
            Soil_Type_C2704 INT NULL,
            Soil_Type_C2705 INT NULL,
            Soil_Type_C2706 INT NULL,
            Soil_Type_C2717 INT NULL,
            Soil_Type_C3502 INT NULL,
            Soil_Type_C4201 INT NULL,
            Soil_Type_C4703 INT NULL,
            Soil_Type_C4704 INT NULL,
            Soil_Type_C4744 INT NULL,
            Soil_Type_C4758 INT NULL,
            Soil_Type_C5101 INT NULL,
            Soil_Type_C6101 INT NULL,
            Soil_Type_C6102 INT NULL,
            Soil_Type_C6731 INT NULL,
            Soil_Type_C7101 INT NULL,
            Soil_Type_C7102 INT NULL,
            Soil_Type_C7103 INT NULL,
            Soil_Type_C7201 INT NULL,
            Soil_Type_C7202 INT NULL,
            Soil_Type_C7700 INT NULL,
            Soil_Type_C7701 INT NULL,
            Soil_Type_C7702 INT NULL,
            Soil_Type_C7709 INT NULL,
            Soil_Type_C7710 INT NULL,
            Soil_Type_C7745 INT NULL,
            Soil_Type_C7746 INT NULL,
            Soil_Type_C7755 INT NULL,
            Soil_Type_C7756 INT NULL,
            Soil_Type_C7757 INT NULL,
            Soil_Type_C7790 INT NULL,
            Soil_Type_C8703 INT NULL,
            Soil_Type_C8707 INT NULL,
            Soil_Type_C8708 INT NULL,
            Soil_Type_C8771 INT NULL,
            Soil_Type_C8772 INT NULL,
            Soil_Type_C8776 INT NULL
        )
        , parameters: None
[2025-10-01T01:17:11.433+0000] {sql.py:384} INFO - Rows affected: 0
[2025-10-01T01:17:11.452+0000] {taskinstance.py:1373} INFO - Marking task as SUCCESS. dag_id=orquestador, task_id=create_table_clean, execution_date=20230101T000000, start_date=20251001T011711, end_date=20251001T011711
[2025-10-01T01:17:11.486+0000] {local_task_job_runner.py:232} INFO - Task exited with return code 0
[2025-10-01T01:17:11.547+0000] {taskinstance.py:2674} INFO - 1 downstream tasks scheduled from follow-on schedule check
