[2025-09-06T06:59:25.435+0000] {taskinstance.py:1125} INFO - Dependencies all met for dep_context=non-requeueable deps ti=<TaskInstance: orquestador.create_table_raw scheduled__2023-01-01T00:00:00+00:00 [queued]>
[2025-09-06T06:59:25.450+0000] {taskinstance.py:1125} INFO - Dependencies all met for dep_context=requeueable deps ti=<TaskInstance: orquestador.create_table_raw scheduled__2023-01-01T00:00:00+00:00 [queued]>
[2025-09-06T06:59:25.451+0000] {taskinstance.py:1331} INFO - Starting attempt 1 of 1
[2025-09-06T06:59:25.481+0000] {taskinstance.py:1350} INFO - Executing <Task(MySqlOperator): create_table_raw> on 2023-01-01 00:00:00+00:00
[2025-09-06T06:59:25.493+0000] {standard_task_runner.py:57} INFO - Started process 140 to run task
[2025-09-06T06:59:25.498+0000] {standard_task_runner.py:84} INFO - Running: ['***', 'tasks', 'run', 'orquestador', 'create_table_raw', 'scheduled__2023-01-01T00:00:00+00:00', '--job-id', '442', '--raw', '--subdir', 'DAGS_FOLDER/orquestador.py', '--cfg-path', '/tmp/tmppuaa9kdy']
[2025-09-06T06:59:25.504+0000] {standard_task_runner.py:85} INFO - Job 442: Subtask create_table_raw
[2025-09-06T06:59:25.596+0000] {task_command.py:410} INFO - Running <TaskInstance: orquestador.create_table_raw scheduled__2023-01-01T00:00:00+00:00 [running]> on host 32a81c69218b
[2025-09-06T06:59:25.727+0000] {taskinstance.py:1570} INFO - Exporting env vars: AIRFLOW_CTX_DAG_OWNER='***' AIRFLOW_CTX_DAG_ID='orquestador' AIRFLOW_CTX_TASK_ID='create_table_raw' AIRFLOW_CTX_EXECUTION_DATE='2023-01-01T00:00:00+00:00' AIRFLOW_CTX_TRY_NUMBER='1' AIRFLOW_CTX_DAG_RUN_ID='scheduled__2023-01-01T00:00:00+00:00'
[2025-09-06T06:59:25.727+0000] {sql.py:262} INFO - Executing:  CREATE TABLE penguins_raw (
            species VARCHAR(50) NULL,
            island VARCHAR(50) NULL,
            bill_length_mm DOUBLE NULL,
            bill_depth_mm DOUBLE NULL,
            flipper_length_mm DOUBLE NULL,
            body_mass_g DOUBLE NULL,
            sex VARCHAR(10) NULL,
            year INT NULL
        )
        
[2025-09-06T06:59:25.741+0000] {base.py:73} INFO - Using connection ID 'mysql_conn' for task execution.
[2025-09-06T06:59:25.823+0000] {base.py:73} INFO - Using connection ID 'mysql_conn' for task execution.
[2025-09-06T06:59:25.839+0000] {sql.py:375} INFO - Running statement:  CREATE TABLE penguins_raw (
            species VARCHAR(50) NULL,
            island VARCHAR(50) NULL,
            bill_length_mm DOUBLE NULL,
            bill_depth_mm DOUBLE NULL,
            flipper_length_mm DOUBLE NULL,
            body_mass_g DOUBLE NULL,
            sex VARCHAR(10) NULL,
            year INT NULL
        )
        , parameters: None
[2025-09-06T06:59:25.846+0000] {taskinstance.py:1847} ERROR - Task failed with exception
Traceback (most recent call last):
  File "/home/airflow/.local/lib/python3.7/site-packages/airflow/providers/common/sql/operators/sql.py", line 274, in execute
    **extra_kwargs,
  File "/home/airflow/.local/lib/python3.7/site-packages/airflow/providers/common/sql/hooks/sql.py", line 349, in run
    self._run_command(cur, sql_statement, parameters)
  File "/home/airflow/.local/lib/python3.7/site-packages/airflow/providers/common/sql/hooks/sql.py", line 380, in _run_command
    cur.execute(sql_statement)
  File "/home/airflow/.local/lib/python3.7/site-packages/MySQLdb/cursors.py", line 206, in execute
    res = self._query(query)
  File "/home/airflow/.local/lib/python3.7/site-packages/MySQLdb/cursors.py", line 319, in _query
    db.query(q)
  File "/home/airflow/.local/lib/python3.7/site-packages/MySQLdb/connections.py", line 254, in query
    _mysql.connection.query(self, query)
MySQLdb.OperationalError: (1050, "Table 'penguins_raw' already exists")
[2025-09-06T06:59:25.860+0000] {taskinstance.py:1373} INFO - Marking task as FAILED. dag_id=orquestador, task_id=create_table_raw, execution_date=20230101T000000, start_date=20250906T065925, end_date=20250906T065925
[2025-09-06T06:59:25.877+0000] {standard_task_runner.py:109} ERROR - Failed to execute job 442 for task create_table_raw ((1050, "Table 'penguins_raw' already exists"); 140)
[2025-09-06T06:59:25.916+0000] {local_task_job_runner.py:232} INFO - Task exited with return code 1
[2025-09-06T06:59:25.956+0000] {taskinstance.py:2674} INFO - 0 downstream tasks scheduled from follow-on schedule check
[2025-09-06T21:49:33.921+0000] {taskinstance.py:1125} INFO - Dependencies all met for dep_context=non-requeueable deps ti=<TaskInstance: orquestador.create_table_raw scheduled__2023-01-01T00:00:00+00:00 [queued]>
[2025-09-06T21:49:33.949+0000] {taskinstance.py:1125} INFO - Dependencies all met for dep_context=requeueable deps ti=<TaskInstance: orquestador.create_table_raw scheduled__2023-01-01T00:00:00+00:00 [queued]>
[2025-09-06T21:49:33.950+0000] {taskinstance.py:1331} INFO - Starting attempt 1 of 1
[2025-09-06T21:49:33.970+0000] {taskinstance.py:1350} INFO - Executing <Task(MySqlOperator): create_table_raw> on 2023-01-01 00:00:00+00:00
[2025-09-06T21:49:33.978+0000] {standard_task_runner.py:57} INFO - Started process 108 to run task
[2025-09-06T21:49:33.983+0000] {standard_task_runner.py:84} INFO - Running: ['***', 'tasks', 'run', 'orquestador', 'create_table_raw', 'scheduled__2023-01-01T00:00:00+00:00', '--job-id', '11', '--raw', '--subdir', 'DAGS_FOLDER/orquestador.py', '--cfg-path', '/tmp/tmpoyycqup5']
[2025-09-06T21:49:33.985+0000] {standard_task_runner.py:85} INFO - Job 11: Subtask create_table_raw
[2025-09-06T21:49:34.061+0000] {task_command.py:410} INFO - Running <TaskInstance: orquestador.create_table_raw scheduled__2023-01-01T00:00:00+00:00 [running]> on host 82e428de455a
[2025-09-06T21:49:34.153+0000] {taskinstance.py:1570} INFO - Exporting env vars: AIRFLOW_CTX_DAG_OWNER='***' AIRFLOW_CTX_DAG_ID='orquestador' AIRFLOW_CTX_TASK_ID='create_table_raw' AIRFLOW_CTX_EXECUTION_DATE='2023-01-01T00:00:00+00:00' AIRFLOW_CTX_TRY_NUMBER='1' AIRFLOW_CTX_DAG_RUN_ID='scheduled__2023-01-01T00:00:00+00:00'
[2025-09-06T21:49:34.154+0000] {sql.py:262} INFO - Executing:  CREATE TABLE penguins_raw (
            species VARCHAR(50) NULL,
            island VARCHAR(50) NULL,
            bill_length_mm DOUBLE NULL,
            bill_depth_mm DOUBLE NULL,
            flipper_length_mm DOUBLE NULL,
            body_mass_g DOUBLE NULL,
            sex VARCHAR(10) NULL,
            year INT NULL
        )
        
[2025-09-06T21:49:34.155+0000] {crypto.py:83} WARNING - empty cryptography key - values will not be stored encrypted.
[2025-09-06T21:49:34.156+0000] {base.py:73} INFO - Using connection ID 'mysql_conn' for task execution.
[2025-09-06T21:49:34.222+0000] {base.py:73} INFO - Using connection ID 'mysql_conn' for task execution.
[2025-09-06T21:49:34.236+0000] {sql.py:375} INFO - Running statement:  CREATE TABLE penguins_raw (
            species VARCHAR(50) NULL,
            island VARCHAR(50) NULL,
            bill_length_mm DOUBLE NULL,
            bill_depth_mm DOUBLE NULL,
            flipper_length_mm DOUBLE NULL,
            body_mass_g DOUBLE NULL,
            sex VARCHAR(10) NULL,
            year INT NULL
        )
        , parameters: None
[2025-09-06T21:49:34.255+0000] {sql.py:384} INFO - Rows affected: 0
[2025-09-06T21:49:34.270+0000] {taskinstance.py:1373} INFO - Marking task as SUCCESS. dag_id=orquestador, task_id=create_table_raw, execution_date=20230101T000000, start_date=20250906T214933, end_date=20250906T214934
[2025-09-06T21:49:34.317+0000] {local_task_job_runner.py:232} INFO - Task exited with return code 0
[2025-09-06T21:49:34.369+0000] {taskinstance.py:2674} INFO - 1 downstream tasks scheduled from follow-on schedule check
[2025-09-06T22:04:14.069+0000] {taskinstance.py:1125} INFO - Dependencies all met for dep_context=non-requeueable deps ti=<TaskInstance: orquestador.create_table_raw scheduled__2023-01-01T00:00:00+00:00 [queued]>
[2025-09-06T22:04:14.091+0000] {taskinstance.py:1125} INFO - Dependencies all met for dep_context=requeueable deps ti=<TaskInstance: orquestador.create_table_raw scheduled__2023-01-01T00:00:00+00:00 [queued]>
[2025-09-06T22:04:14.091+0000] {taskinstance.py:1331} INFO - Starting attempt 1 of 1
[2025-09-06T22:04:14.113+0000] {taskinstance.py:1350} INFO - Executing <Task(MySqlOperator): create_table_raw> on 2023-01-01 00:00:00+00:00
[2025-09-06T22:04:14.121+0000] {standard_task_runner.py:57} INFO - Started process 98 to run task
[2025-09-06T22:04:14.127+0000] {standard_task_runner.py:84} INFO - Running: ['***', 'tasks', 'run', 'orquestador', 'create_table_raw', 'scheduled__2023-01-01T00:00:00+00:00', '--job-id', '5', '--raw', '--subdir', 'DAGS_FOLDER/orquestador.py', '--cfg-path', '/tmp/tmpmluj4t5v']
[2025-09-06T22:04:14.130+0000] {standard_task_runner.py:85} INFO - Job 5: Subtask create_table_raw
[2025-09-06T22:04:14.189+0000] {task_command.py:410} INFO - Running <TaskInstance: orquestador.create_table_raw scheduled__2023-01-01T00:00:00+00:00 [running]> on host b0f46732fbd8
[2025-09-06T22:04:14.335+0000] {taskinstance.py:1570} INFO - Exporting env vars: AIRFLOW_CTX_DAG_OWNER='***' AIRFLOW_CTX_DAG_ID='orquestador' AIRFLOW_CTX_TASK_ID='create_table_raw' AIRFLOW_CTX_EXECUTION_DATE='2023-01-01T00:00:00+00:00' AIRFLOW_CTX_TRY_NUMBER='1' AIRFLOW_CTX_DAG_RUN_ID='scheduled__2023-01-01T00:00:00+00:00'
[2025-09-06T22:04:14.336+0000] {sql.py:262} INFO - Executing:  CREATE TABLE penguins_raw (
            species VARCHAR(50) NULL,
            island VARCHAR(50) NULL,
            bill_length_mm DOUBLE NULL,
            bill_depth_mm DOUBLE NULL,
            flipper_length_mm DOUBLE NULL,
            body_mass_g DOUBLE NULL,
            sex VARCHAR(10) NULL,
            year INT NULL
        )
        
[2025-09-06T22:04:14.337+0000] {crypto.py:83} WARNING - empty cryptography key - values will not be stored encrypted.
[2025-09-06T22:04:14.338+0000] {base.py:73} INFO - Using connection ID 'mysql_conn' for task execution.
[2025-09-06T22:04:14.439+0000] {base.py:73} INFO - Using connection ID 'mysql_conn' for task execution.
[2025-09-06T22:04:14.454+0000] {sql.py:375} INFO - Running statement:  CREATE TABLE penguins_raw (
            species VARCHAR(50) NULL,
            island VARCHAR(50) NULL,
            bill_length_mm DOUBLE NULL,
            bill_depth_mm DOUBLE NULL,
            flipper_length_mm DOUBLE NULL,
            body_mass_g DOUBLE NULL,
            sex VARCHAR(10) NULL,
            year INT NULL
        )
        , parameters: None
[2025-09-06T22:04:14.474+0000] {sql.py:384} INFO - Rows affected: 0
[2025-09-06T22:04:14.486+0000] {taskinstance.py:1373} INFO - Marking task as SUCCESS. dag_id=orquestador, task_id=create_table_raw, execution_date=20230101T000000, start_date=20250906T220414, end_date=20250906T220414
[2025-09-06T22:04:14.540+0000] {local_task_job_runner.py:232} INFO - Task exited with return code 0
[2025-09-06T22:04:14.580+0000] {taskinstance.py:2674} INFO - 1 downstream tasks scheduled from follow-on schedule check
[2025-10-01T01:17:09.290+0000] {taskinstance.py:1125} INFO - Dependencies all met for dep_context=non-requeueable deps ti=<TaskInstance: orquestador.create_table_raw scheduled__2023-01-01T00:00:00+00:00 [queued]>
[2025-10-01T01:17:09.303+0000] {taskinstance.py:1125} INFO - Dependencies all met for dep_context=requeueable deps ti=<TaskInstance: orquestador.create_table_raw scheduled__2023-01-01T00:00:00+00:00 [queued]>
[2025-10-01T01:17:09.303+0000] {taskinstance.py:1331} INFO - Starting attempt 1 of 1
[2025-10-01T01:17:09.321+0000] {taskinstance.py:1350} INFO - Executing <Task(MySqlOperator): create_table_raw> on 2023-01-01 00:00:00+00:00
[2025-10-01T01:17:09.330+0000] {standard_task_runner.py:57} INFO - Started process 100 to run task
[2025-10-01T01:17:09.337+0000] {standard_task_runner.py:84} INFO - Running: ['***', 'tasks', 'run', 'orquestador', 'create_table_raw', 'scheduled__2023-01-01T00:00:00+00:00', '--job-id', '22', '--raw', '--subdir', 'DAGS_FOLDER/orquestador.py', '--cfg-path', '/tmp/tmpwq30mij5']
[2025-10-01T01:17:09.343+0000] {standard_task_runner.py:85} INFO - Job 22: Subtask create_table_raw
[2025-10-01T01:17:09.417+0000] {task_command.py:410} INFO - Running <TaskInstance: orquestador.create_table_raw scheduled__2023-01-01T00:00:00+00:00 [running]> on host d3b1a6dd162c
[2025-10-01T01:17:09.536+0000] {taskinstance.py:1570} INFO - Exporting env vars: AIRFLOW_CTX_DAG_OWNER='***' AIRFLOW_CTX_DAG_ID='orquestador' AIRFLOW_CTX_TASK_ID='create_table_raw' AIRFLOW_CTX_EXECUTION_DATE='2023-01-01T00:00:00+00:00' AIRFLOW_CTX_TRY_NUMBER='1' AIRFLOW_CTX_DAG_RUN_ID='scheduled__2023-01-01T00:00:00+00:00'
[2025-10-01T01:17:09.538+0000] {sql.py:262} INFO - Executing:  CREATE TABLE forest_raw (
            Elevation INT NULL,
            Aspect INT NULL,
            Slope INT NULL,
            Horizontal_Distance_To_Hydrology INT NULL,
            Vertical_Distance_To_Hydrology INT NULL,
            Horizontal_Distance_To_Roadways INT NULL,
            Hillshade_9am INT NULL,
            Hillshade_Noon INT NULL,
            Hillshade_3pm INT NULL,
            Horizontal_Distance_To_Fire_Points INT NULL,
            Wilderness_Area VARCHAR(50) NULL,
            Soil_Type VARCHAR(50) NULL,
            Cover_Type INT NULL
        )
        
[2025-10-01T01:17:09.539+0000] {crypto.py:83} WARNING - empty cryptography key - values will not be stored encrypted.
[2025-10-01T01:17:09.539+0000] {base.py:73} INFO - Using connection ID 'mysql_conn' for task execution.
[2025-10-01T01:17:09.607+0000] {base.py:73} INFO - Using connection ID 'mysql_conn' for task execution.
[2025-10-01T01:17:09.626+0000] {sql.py:375} INFO - Running statement:  CREATE TABLE forest_raw (
            Elevation INT NULL,
            Aspect INT NULL,
            Slope INT NULL,
            Horizontal_Distance_To_Hydrology INT NULL,
            Vertical_Distance_To_Hydrology INT NULL,
            Horizontal_Distance_To_Roadways INT NULL,
            Hillshade_9am INT NULL,
            Hillshade_Noon INT NULL,
            Hillshade_3pm INT NULL,
            Horizontal_Distance_To_Fire_Points INT NULL,
            Wilderness_Area VARCHAR(50) NULL,
            Soil_Type VARCHAR(50) NULL,
            Cover_Type INT NULL
        )
        , parameters: None
[2025-10-01T01:17:09.646+0000] {sql.py:384} INFO - Rows affected: 0
[2025-10-01T01:17:09.667+0000] {taskinstance.py:1373} INFO - Marking task as SUCCESS. dag_id=orquestador, task_id=create_table_raw, execution_date=20230101T000000, start_date=20251001T011709, end_date=20251001T011709
[2025-10-01T01:17:09.707+0000] {local_task_job_runner.py:232} INFO - Task exited with return code 0
[2025-10-01T01:17:09.750+0000] {taskinstance.py:2674} INFO - 1 downstream tasks scheduled from follow-on schedule check
[2025-10-05T04:27:40.046+0000] {taskinstance.py:1125} INFO - Dependencies all met for dep_context=non-requeueable deps ti=<TaskInstance: orquestador.create_table_raw scheduled__2023-01-01T00:00:00+00:00 [queued]>
[2025-10-05T04:27:40.086+0000] {taskinstance.py:1125} INFO - Dependencies all met for dep_context=requeueable deps ti=<TaskInstance: orquestador.create_table_raw scheduled__2023-01-01T00:00:00+00:00 [queued]>
[2025-10-05T04:27:40.086+0000] {taskinstance.py:1331} INFO - Starting attempt 1 of 2
[2025-10-05T04:27:40.118+0000] {taskinstance.py:1350} INFO - Executing <Task(MySqlOperator): create_table_raw> on 2023-01-01 00:00:00+00:00
[2025-10-05T04:27:40.133+0000] {standard_task_runner.py:57} INFO - Started process 216 to run task
[2025-10-05T04:27:40.150+0000] {standard_task_runner.py:84} INFO - Running: ['***', 'tasks', 'run', 'orquestador', 'create_table_raw', 'scheduled__2023-01-01T00:00:00+00:00', '--job-id', '358', '--raw', '--subdir', 'DAGS_FOLDER/orquestador.py', '--cfg-path', '/tmp/tmpqtfdtdhr']
[2025-10-05T04:27:40.153+0000] {standard_task_runner.py:85} INFO - Job 358: Subtask create_table_raw
[2025-10-05T04:27:40.309+0000] {task_command.py:410} INFO - Running <TaskInstance: orquestador.create_table_raw scheduled__2023-01-01T00:00:00+00:00 [running]> on host 13639e385876
[2025-10-05T04:27:40.514+0000] {taskinstance.py:1570} INFO - Exporting env vars: AIRFLOW_CTX_DAG_OWNER='***' AIRFLOW_CTX_DAG_ID='orquestador' AIRFLOW_CTX_TASK_ID='create_table_raw' AIRFLOW_CTX_EXECUTION_DATE='2023-01-01T00:00:00+00:00' AIRFLOW_CTX_TRY_NUMBER='1' AIRFLOW_CTX_DAG_RUN_ID='scheduled__2023-01-01T00:00:00+00:00'
[2025-10-05T04:27:40.515+0000] {sql.py:262} INFO - Executing:  CREATE TABLE forest_raw (
            Elevation INT NULL,
            Aspect INT NULL,
            Slope INT NULL,
            Horizontal_Distance_To_Hydrology INT NULL,
            Vertical_Distance_To_Hydrology INT NULL,
            Horizontal_Distance_To_Roadways INT NULL,
            Hillshade_9am INT NULL,
            Hillshade_Noon INT NULL,
            Hillshade_3pm INT NULL,
            Horizontal_Distance_To_Fire_Points INT NULL,
            Wilderness_Area VARCHAR(50) NULL,
            Soil_Type VARCHAR(50) NULL,
            Cover_Type INT NULL
        )
        
[2025-10-05T04:27:40.516+0000] {crypto.py:83} WARNING - empty cryptography key - values will not be stored encrypted.
[2025-10-05T04:27:40.517+0000] {base.py:73} INFO - Using connection ID 'mysql_conn' for task execution.
[2025-10-05T04:27:40.747+0000] {base.py:73} INFO - Using connection ID 'mysql_conn' for task execution.
[2025-10-05T04:27:40.776+0000] {sql.py:375} INFO - Running statement:  CREATE TABLE forest_raw (
            Elevation INT NULL,
            Aspect INT NULL,
            Slope INT NULL,
            Horizontal_Distance_To_Hydrology INT NULL,
            Vertical_Distance_To_Hydrology INT NULL,
            Horizontal_Distance_To_Roadways INT NULL,
            Hillshade_9am INT NULL,
            Hillshade_Noon INT NULL,
            Hillshade_3pm INT NULL,
            Horizontal_Distance_To_Fire_Points INT NULL,
            Wilderness_Area VARCHAR(50) NULL,
            Soil_Type VARCHAR(50) NULL,
            Cover_Type INT NULL
        )
        , parameters: None
[2025-10-05T04:27:40.797+0000] {sql.py:384} INFO - Rows affected: 0
[2025-10-05T04:27:40.812+0000] {taskinstance.py:1373} INFO - Marking task as SUCCESS. dag_id=orquestador, task_id=create_table_raw, execution_date=20230101T000000, start_date=20251005T042740, end_date=20251005T042740
[2025-10-05T04:27:40.888+0000] {local_task_job_runner.py:232} INFO - Task exited with return code 0
[2025-10-05T04:27:40.958+0000] {taskinstance.py:2674} INFO - 1 downstream tasks scheduled from follow-on schedule check
[2025-10-05T04:48:58.700+0000] {taskinstance.py:1125} INFO - Dependencies all met for dep_context=non-requeueable deps ti=<TaskInstance: orquestador.create_table_raw scheduled__2023-01-01T00:00:00+00:00 [queued]>
[2025-10-05T04:48:58.719+0000] {taskinstance.py:1125} INFO - Dependencies all met for dep_context=requeueable deps ti=<TaskInstance: orquestador.create_table_raw scheduled__2023-01-01T00:00:00+00:00 [queued]>
[2025-10-05T04:48:58.719+0000] {taskinstance.py:1331} INFO - Starting attempt 1 of 2
[2025-10-05T04:48:58.738+0000] {taskinstance.py:1350} INFO - Executing <Task(MySqlOperator): create_table_raw> on 2023-01-01 00:00:00+00:00
[2025-10-05T04:48:58.746+0000] {standard_task_runner.py:57} INFO - Started process 129 to run task
[2025-10-05T04:48:58.758+0000] {standard_task_runner.py:84} INFO - Running: ['***', 'tasks', 'run', 'orquestador', 'create_table_raw', 'scheduled__2023-01-01T00:00:00+00:00', '--job-id', '384', '--raw', '--subdir', 'DAGS_FOLDER/orquestador.py', '--cfg-path', '/tmp/tmpop9gs6ug']
[2025-10-05T04:48:58.764+0000] {standard_task_runner.py:85} INFO - Job 384: Subtask create_table_raw
[2025-10-05T04:48:58.864+0000] {task_command.py:410} INFO - Running <TaskInstance: orquestador.create_table_raw scheduled__2023-01-01T00:00:00+00:00 [running]> on host b47eb09fed51
[2025-10-05T04:48:58.979+0000] {taskinstance.py:1570} INFO - Exporting env vars: AIRFLOW_CTX_DAG_OWNER='***' AIRFLOW_CTX_DAG_ID='orquestador' AIRFLOW_CTX_TASK_ID='create_table_raw' AIRFLOW_CTX_EXECUTION_DATE='2023-01-01T00:00:00+00:00' AIRFLOW_CTX_TRY_NUMBER='1' AIRFLOW_CTX_DAG_RUN_ID='scheduled__2023-01-01T00:00:00+00:00'
[2025-10-05T04:48:58.982+0000] {sql.py:262} INFO - Executing:  CREATE TABLE IF NOT EXIST forest_raw (
            Elevation INT NULL,
            Aspect INT NULL,
            Slope INT NULL,
            Horizontal_Distance_To_Hydrology INT NULL,
            Vertical_Distance_To_Hydrology INT NULL,
            Horizontal_Distance_To_Roadways INT NULL,
            Hillshade_9am INT NULL,
            Hillshade_Noon INT NULL,
            Hillshade_3pm INT NULL,
            Horizontal_Distance_To_Fire_Points INT NULL,
            Wilderness_Area VARCHAR(50) NULL,
            Soil_Type VARCHAR(50) NULL,
            Cover_Type INT NULL
        )
        
[2025-10-05T04:48:58.983+0000] {crypto.py:83} WARNING - empty cryptography key - values will not be stored encrypted.
[2025-10-05T04:48:58.983+0000] {base.py:73} INFO - Using connection ID 'mysql_conn' for task execution.
[2025-10-05T04:48:59.075+0000] {base.py:73} INFO - Using connection ID 'mysql_conn' for task execution.
[2025-10-05T04:48:59.096+0000] {sql.py:375} INFO - Running statement:  CREATE TABLE IF NOT EXIST forest_raw (
            Elevation INT NULL,
            Aspect INT NULL,
            Slope INT NULL,
            Horizontal_Distance_To_Hydrology INT NULL,
            Vertical_Distance_To_Hydrology INT NULL,
            Horizontal_Distance_To_Roadways INT NULL,
            Hillshade_9am INT NULL,
            Hillshade_Noon INT NULL,
            Hillshade_3pm INT NULL,
            Horizontal_Distance_To_Fire_Points INT NULL,
            Wilderness_Area VARCHAR(50) NULL,
            Soil_Type VARCHAR(50) NULL,
            Cover_Type INT NULL
        )
        , parameters: None
[2025-10-05T04:48:59.097+0000] {taskinstance.py:1847} ERROR - Task failed with exception
Traceback (most recent call last):
  File "/home/airflow/.local/lib/python3.7/site-packages/airflow/providers/common/sql/operators/sql.py", line 274, in execute
    **extra_kwargs,
  File "/home/airflow/.local/lib/python3.7/site-packages/airflow/providers/common/sql/hooks/sql.py", line 349, in run
    self._run_command(cur, sql_statement, parameters)
  File "/home/airflow/.local/lib/python3.7/site-packages/airflow/providers/common/sql/hooks/sql.py", line 380, in _run_command
    cur.execute(sql_statement)
  File "/home/airflow/.local/lib/python3.7/site-packages/MySQLdb/cursors.py", line 206, in execute
    res = self._query(query)
  File "/home/airflow/.local/lib/python3.7/site-packages/MySQLdb/cursors.py", line 319, in _query
    db.query(q)
  File "/home/airflow/.local/lib/python3.7/site-packages/MySQLdb/connections.py", line 254, in query
    _mysql.connection.query(self, query)
MySQLdb.ProgrammingError: (1064, "You have an error in your SQL syntax; check the manual that corresponds to your MySQL server version for the right syntax to use near 'EXIST forest_raw (\n            Elevation INT NULL,\n            Aspect INT NULL,\n' at line 1")
[2025-10-05T04:48:59.108+0000] {taskinstance.py:1373} INFO - Marking task as UP_FOR_RETRY. dag_id=orquestador, task_id=create_table_raw, execution_date=20230101T000000, start_date=20251005T044858, end_date=20251005T044859
[2025-10-05T04:48:59.125+0000] {standard_task_runner.py:109} ERROR - Failed to execute job 384 for task create_table_raw ((1064, "You have an error in your SQL syntax; check the manual that corresponds to your MySQL server version for the right syntax to use near 'EXIST forest_raw (\n            Elevation INT NULL,\n            Aspect INT NULL,\n' at line 1"); 129)
[2025-10-05T04:48:59.134+0000] {local_task_job_runner.py:232} INFO - Task exited with return code 1
[2025-10-05T04:48:59.170+0000] {taskinstance.py:2674} INFO - 0 downstream tasks scheduled from follow-on schedule check
[2025-10-05T05:08:00.024+0000] {taskinstance.py:1125} INFO - Dependencies all met for dep_context=non-requeueable deps ti=<TaskInstance: orquestador.create_table_raw scheduled__2023-01-01T00:00:00+00:00 [queued]>
[2025-10-05T05:08:00.057+0000] {taskinstance.py:1125} INFO - Dependencies all met for dep_context=requeueable deps ti=<TaskInstance: orquestador.create_table_raw scheduled__2023-01-01T00:00:00+00:00 [queued]>
[2025-10-05T05:08:00.057+0000] {taskinstance.py:1331} INFO - Starting attempt 1 of 2
[2025-10-05T05:08:00.101+0000] {taskinstance.py:1350} INFO - Executing <Task(MySqlOperator): create_table_raw> on 2023-01-01 00:00:00+00:00
[2025-10-05T05:08:00.133+0000] {standard_task_runner.py:57} INFO - Started process 176 to run task
[2025-10-05T05:08:00.148+0000] {standard_task_runner.py:84} INFO - Running: ['***', 'tasks', 'run', 'orquestador', 'create_table_raw', 'scheduled__2023-01-01T00:00:00+00:00', '--job-id', '400', '--raw', '--subdir', 'DAGS_FOLDER/orquestador.py', '--cfg-path', '/tmp/tmp1zd3ia4c']
[2025-10-05T05:08:00.160+0000] {standard_task_runner.py:85} INFO - Job 400: Subtask create_table_raw
[2025-10-05T05:08:00.306+0000] {task_command.py:410} INFO - Running <TaskInstance: orquestador.create_table_raw scheduled__2023-01-01T00:00:00+00:00 [running]> on host 0af794597013
[2025-10-05T05:08:00.454+0000] {taskinstance.py:1570} INFO - Exporting env vars: AIRFLOW_CTX_DAG_OWNER='***' AIRFLOW_CTX_DAG_ID='orquestador' AIRFLOW_CTX_TASK_ID='create_table_raw' AIRFLOW_CTX_EXECUTION_DATE='2023-01-01T00:00:00+00:00' AIRFLOW_CTX_TRY_NUMBER='1' AIRFLOW_CTX_DAG_RUN_ID='scheduled__2023-01-01T00:00:00+00:00'
[2025-10-05T05:08:00.458+0000] {sql.py:262} INFO - Executing:  CREATE TABLE IF NOT EXISTS forest_raw (
            Elevation INT NULL,
            Aspect INT NULL,
            Slope INT NULL,
            Horizontal_Distance_To_Hydrology INT NULL,
            Vertical_Distance_To_Hydrology INT NULL,
            Horizontal_Distance_To_Roadways INT NULL,
            Hillshade_9am INT NULL,
            Hillshade_Noon INT NULL,
            Hillshade_3pm INT NULL,
            Horizontal_Distance_To_Fire_Points INT NULL,
            Wilderness_Area VARCHAR(50) NULL,
            Soil_Type VARCHAR(50) NULL,
            Cover_Type INT NULL
        )
        
[2025-10-05T05:08:00.461+0000] {crypto.py:83} WARNING - empty cryptography key - values will not be stored encrypted.
[2025-10-05T05:08:00.462+0000] {base.py:73} INFO - Using connection ID 'mysql_conn' for task execution.
[2025-10-05T05:08:00.735+0000] {base.py:73} INFO - Using connection ID 'mysql_conn' for task execution.
[2025-10-05T05:08:00.823+0000] {sql.py:375} INFO - Running statement:  CREATE TABLE IF NOT EXISTS forest_raw (
            Elevation INT NULL,
            Aspect INT NULL,
            Slope INT NULL,
            Horizontal_Distance_To_Hydrology INT NULL,
            Vertical_Distance_To_Hydrology INT NULL,
            Horizontal_Distance_To_Roadways INT NULL,
            Hillshade_9am INT NULL,
            Hillshade_Noon INT NULL,
            Hillshade_3pm INT NULL,
            Horizontal_Distance_To_Fire_Points INT NULL,
            Wilderness_Area VARCHAR(50) NULL,
            Soil_Type VARCHAR(50) NULL,
            Cover_Type INT NULL
        )
        , parameters: None
[2025-10-05T05:08:00.838+0000] {sql.py:384} INFO - Rows affected: 0
[2025-10-05T05:08:00.915+0000] {taskinstance.py:1373} INFO - Marking task as SUCCESS. dag_id=orquestador, task_id=create_table_raw, execution_date=20230101T000000, start_date=20251005T050800, end_date=20251005T050800
[2025-10-05T05:08:01.051+0000] {local_task_job_runner.py:232} INFO - Task exited with return code 0
[2025-10-05T05:08:01.146+0000] {taskinstance.py:2674} INFO - 1 downstream tasks scheduled from follow-on schedule check
[2025-10-05T06:10:19.031+0000] {taskinstance.py:1125} INFO - Dependencies all met for dep_context=non-requeueable deps ti=<TaskInstance: orquestador.create_table_raw scheduled__2023-01-01T00:00:00+00:00 [queued]>
[2025-10-05T06:10:19.045+0000] {taskinstance.py:1125} INFO - Dependencies all met for dep_context=requeueable deps ti=<TaskInstance: orquestador.create_table_raw scheduled__2023-01-01T00:00:00+00:00 [queued]>
[2025-10-05T06:10:19.045+0000] {taskinstance.py:1331} INFO - Starting attempt 1 of 2
[2025-10-05T06:10:19.058+0000] {taskinstance.py:1350} INFO - Executing <Task(MySqlOperator): create_table_raw> on 2023-01-01 00:00:00+00:00
[2025-10-05T06:10:19.067+0000] {standard_task_runner.py:57} INFO - Started process 109 to run task
[2025-10-05T06:10:19.076+0000] {standard_task_runner.py:84} INFO - Running: ['***', 'tasks', 'run', 'orquestador', 'create_table_raw', 'scheduled__2023-01-01T00:00:00+00:00', '--job-id', '440', '--raw', '--subdir', 'DAGS_FOLDER/orquestador.py', '--cfg-path', '/tmp/tmprqnzndx8']
[2025-10-05T06:10:19.078+0000] {standard_task_runner.py:85} INFO - Job 440: Subtask create_table_raw
[2025-10-05T06:10:19.151+0000] {task_command.py:410} INFO - Running <TaskInstance: orquestador.create_table_raw scheduled__2023-01-01T00:00:00+00:00 [running]> on host 7d8206f77b99
[2025-10-05T06:10:19.258+0000] {taskinstance.py:1570} INFO - Exporting env vars: AIRFLOW_CTX_DAG_OWNER='***' AIRFLOW_CTX_DAG_ID='orquestador' AIRFLOW_CTX_TASK_ID='create_table_raw' AIRFLOW_CTX_EXECUTION_DATE='2023-01-01T00:00:00+00:00' AIRFLOW_CTX_TRY_NUMBER='1' AIRFLOW_CTX_DAG_RUN_ID='scheduled__2023-01-01T00:00:00+00:00'
[2025-10-05T06:10:19.259+0000] {sql.py:262} INFO - Executing:  CREATE TABLE IF NOT EXISTS forest_raw (
            Elevation INT NULL,
            Aspect INT NULL,
            Slope INT NULL,
            Horizontal_Distance_To_Hydrology INT NULL,
            Vertical_Distance_To_Hydrology INT NULL,
            Horizontal_Distance_To_Roadways INT NULL,
            Hillshade_9am INT NULL,
            Hillshade_Noon INT NULL,
            Hillshade_3pm INT NULL,
            Horizontal_Distance_To_Fire_Points INT NULL,
            Wilderness_Area VARCHAR(50) NULL,
            Soil_Type VARCHAR(50) NULL,
            Cover_Type INT NULL
        )
        
[2025-10-05T06:10:19.260+0000] {crypto.py:83} WARNING - empty cryptography key - values will not be stored encrypted.
[2025-10-05T06:10:19.261+0000] {base.py:73} INFO - Using connection ID 'mysql_conn' for task execution.
[2025-10-05T06:10:19.327+0000] {base.py:73} INFO - Using connection ID 'mysql_conn' for task execution.
[2025-10-05T06:10:19.341+0000] {sql.py:375} INFO - Running statement:  CREATE TABLE IF NOT EXISTS forest_raw (
            Elevation INT NULL,
            Aspect INT NULL,
            Slope INT NULL,
            Horizontal_Distance_To_Hydrology INT NULL,
            Vertical_Distance_To_Hydrology INT NULL,
            Horizontal_Distance_To_Roadways INT NULL,
            Hillshade_9am INT NULL,
            Hillshade_Noon INT NULL,
            Hillshade_3pm INT NULL,
            Horizontal_Distance_To_Fire_Points INT NULL,
            Wilderness_Area VARCHAR(50) NULL,
            Soil_Type VARCHAR(50) NULL,
            Cover_Type INT NULL
        )
        , parameters: None
[2025-10-05T06:10:19.375+0000] {sql.py:384} INFO - Rows affected: 0
[2025-10-05T06:10:19.392+0000] {taskinstance.py:1373} INFO - Marking task as SUCCESS. dag_id=orquestador, task_id=create_table_raw, execution_date=20230101T000000, start_date=20251005T061019, end_date=20251005T061019
[2025-10-05T06:10:19.445+0000] {local_task_job_runner.py:232} INFO - Task exited with return code 0
[2025-10-05T06:10:19.504+0000] {taskinstance.py:2674} INFO - 0 downstream tasks scheduled from follow-on schedule check
[2025-10-05T06:16:29.509+0000] {taskinstance.py:1125} INFO - Dependencies all met for dep_context=non-requeueable deps ti=<TaskInstance: orquestador.create_table_raw scheduled__2023-01-01T00:00:00+00:00 [queued]>
[2025-10-05T06:16:29.539+0000] {taskinstance.py:1125} INFO - Dependencies all met for dep_context=requeueable deps ti=<TaskInstance: orquestador.create_table_raw scheduled__2023-01-01T00:00:00+00:00 [queued]>
[2025-10-05T06:16:29.539+0000] {taskinstance.py:1331} INFO - Starting attempt 1 of 2
[2025-10-05T06:16:29.557+0000] {taskinstance.py:1350} INFO - Executing <Task(MySqlOperator): create_table_raw> on 2023-01-01 00:00:00+00:00
[2025-10-05T06:16:29.567+0000] {standard_task_runner.py:57} INFO - Started process 330 to run task
[2025-10-05T06:16:29.574+0000] {standard_task_runner.py:84} INFO - Running: ['***', 'tasks', 'run', 'orquestador', 'create_table_raw', 'scheduled__2023-01-01T00:00:00+00:00', '--job-id', '466', '--raw', '--subdir', 'DAGS_FOLDER/orquestador.py', '--cfg-path', '/tmp/tmp7or5kzmi']
[2025-10-05T06:16:29.577+0000] {standard_task_runner.py:85} INFO - Job 466: Subtask create_table_raw
[2025-10-05T06:16:29.700+0000] {task_command.py:410} INFO - Running <TaskInstance: orquestador.create_table_raw scheduled__2023-01-01T00:00:00+00:00 [running]> on host 7d8206f77b99
[2025-10-05T06:16:29.880+0000] {taskinstance.py:1570} INFO - Exporting env vars: AIRFLOW_CTX_DAG_OWNER='***' AIRFLOW_CTX_DAG_ID='orquestador' AIRFLOW_CTX_TASK_ID='create_table_raw' AIRFLOW_CTX_EXECUTION_DATE='2023-01-01T00:00:00+00:00' AIRFLOW_CTX_TRY_NUMBER='1' AIRFLOW_CTX_DAG_RUN_ID='scheduled__2023-01-01T00:00:00+00:00'
[2025-10-05T06:16:29.881+0000] {sql.py:262} INFO - Executing:  CREATE TABLE IF NOT EXISTS forest_raw (
            Elevation INT NULL,
            Aspect INT NULL,
            Slope INT NULL,
            Horizontal_Distance_To_Hydrology INT NULL,
            Vertical_Distance_To_Hydrology INT NULL,
            Horizontal_Distance_To_Roadways INT NULL,
            Hillshade_9am INT NULL,
            Hillshade_Noon INT NULL,
            Hillshade_3pm INT NULL,
            Horizontal_Distance_To_Fire_Points INT NULL,
            Wilderness_Area VARCHAR(50) NULL,
            Soil_Type VARCHAR(50) NULL,
            Cover_Type INT NULL
        )
        
[2025-10-05T06:16:29.882+0000] {crypto.py:83} WARNING - empty cryptography key - values will not be stored encrypted.
[2025-10-05T06:16:29.883+0000] {base.py:73} INFO - Using connection ID 'mysql_conn' for task execution.
[2025-10-05T06:16:29.992+0000] {base.py:73} INFO - Using connection ID 'mysql_conn' for task execution.
[2025-10-05T06:16:30.006+0000] {sql.py:375} INFO - Running statement:  CREATE TABLE IF NOT EXISTS forest_raw (
            Elevation INT NULL,
            Aspect INT NULL,
            Slope INT NULL,
            Horizontal_Distance_To_Hydrology INT NULL,
            Vertical_Distance_To_Hydrology INT NULL,
            Horizontal_Distance_To_Roadways INT NULL,
            Hillshade_9am INT NULL,
            Hillshade_Noon INT NULL,
            Hillshade_3pm INT NULL,
            Horizontal_Distance_To_Fire_Points INT NULL,
            Wilderness_Area VARCHAR(50) NULL,
            Soil_Type VARCHAR(50) NULL,
            Cover_Type INT NULL
        )
        , parameters: None
[2025-10-05T06:16:30.031+0000] {sql.py:384} INFO - Rows affected: 0
[2025-10-05T06:16:30.044+0000] {taskinstance.py:1373} INFO - Marking task as SUCCESS. dag_id=orquestador, task_id=create_table_raw, execution_date=20230101T000000, start_date=20251005T061629, end_date=20251005T061630
[2025-10-05T06:16:30.075+0000] {local_task_job_runner.py:232} INFO - Task exited with return code 0
[2025-10-05T06:16:30.134+0000] {taskinstance.py:2674} INFO - 0 downstream tasks scheduled from follow-on schedule check
[2025-10-05T06:30:52.876+0000] {taskinstance.py:1125} INFO - Dependencies all met for dep_context=non-requeueable deps ti=<TaskInstance: orquestador.create_table_raw scheduled__2023-01-01T00:00:00+00:00 [queued]>
[2025-10-05T06:30:52.890+0000] {taskinstance.py:1125} INFO - Dependencies all met for dep_context=requeueable deps ti=<TaskInstance: orquestador.create_table_raw scheduled__2023-01-01T00:00:00+00:00 [queued]>
[2025-10-05T06:30:52.891+0000] {taskinstance.py:1331} INFO - Starting attempt 1 of 2
[2025-10-05T06:30:52.905+0000] {taskinstance.py:1350} INFO - Executing <Task(MySqlOperator): create_table_raw> on 2023-01-01 00:00:00+00:00
[2025-10-05T06:30:52.914+0000] {standard_task_runner.py:57} INFO - Started process 185 to run task
[2025-10-05T06:30:52.918+0000] {standard_task_runner.py:84} INFO - Running: ['***', 'tasks', 'run', 'orquestador', 'create_table_raw', 'scheduled__2023-01-01T00:00:00+00:00', '--job-id', '476', '--raw', '--subdir', 'DAGS_FOLDER/orquestador.py', '--cfg-path', '/tmp/tmp60tt6rke']
[2025-10-05T06:30:52.920+0000] {standard_task_runner.py:85} INFO - Job 476: Subtask create_table_raw
[2025-10-05T06:30:52.991+0000] {task_command.py:410} INFO - Running <TaskInstance: orquestador.create_table_raw scheduled__2023-01-01T00:00:00+00:00 [running]> on host 6b010904a626
[2025-10-05T06:30:53.165+0000] {taskinstance.py:1570} INFO - Exporting env vars: AIRFLOW_CTX_DAG_OWNER='***' AIRFLOW_CTX_DAG_ID='orquestador' AIRFLOW_CTX_TASK_ID='create_table_raw' AIRFLOW_CTX_EXECUTION_DATE='2023-01-01T00:00:00+00:00' AIRFLOW_CTX_TRY_NUMBER='1' AIRFLOW_CTX_DAG_RUN_ID='scheduled__2023-01-01T00:00:00+00:00'
[2025-10-05T06:30:53.167+0000] {sql.py:262} INFO - Executing:  CREATE TABLE IF NOT EXISTS forest_raw (
            Elevation INT NULL,
            Aspect INT NULL,
            Slope INT NULL,
            Horizontal_Distance_To_Hydrology INT NULL,
            Vertical_Distance_To_Hydrology INT NULL,
            Horizontal_Distance_To_Roadways INT NULL,
            Hillshade_9am INT NULL,
            Hillshade_Noon INT NULL,
            Hillshade_3pm INT NULL,
            Horizontal_Distance_To_Fire_Points INT NULL,
            Wilderness_Area VARCHAR(50) NULL,
            Soil_Type VARCHAR(50) NULL,
            Cover_Type INT NULL
        )
        
[2025-10-05T06:30:53.170+0000] {crypto.py:83} WARNING - empty cryptography key - values will not be stored encrypted.
[2025-10-05T06:30:53.172+0000] {base.py:73} INFO - Using connection ID 'mysql_conn' for task execution.
[2025-10-05T06:30:53.272+0000] {base.py:73} INFO - Using connection ID 'mysql_conn' for task execution.
[2025-10-05T06:30:53.288+0000] {sql.py:375} INFO - Running statement:  CREATE TABLE IF NOT EXISTS forest_raw (
            Elevation INT NULL,
            Aspect INT NULL,
            Slope INT NULL,
            Horizontal_Distance_To_Hydrology INT NULL,
            Vertical_Distance_To_Hydrology INT NULL,
            Horizontal_Distance_To_Roadways INT NULL,
            Hillshade_9am INT NULL,
            Hillshade_Noon INT NULL,
            Hillshade_3pm INT NULL,
            Horizontal_Distance_To_Fire_Points INT NULL,
            Wilderness_Area VARCHAR(50) NULL,
            Soil_Type VARCHAR(50) NULL,
            Cover_Type INT NULL
        )
        , parameters: None
[2025-10-05T06:30:53.311+0000] {sql.py:384} INFO - Rows affected: 0
[2025-10-05T06:30:53.329+0000] {taskinstance.py:1373} INFO - Marking task as SUCCESS. dag_id=orquestador, task_id=create_table_raw, execution_date=20230101T000000, start_date=20251005T063052, end_date=20251005T063053
[2025-10-05T06:30:53.382+0000] {local_task_job_runner.py:232} INFO - Task exited with return code 0
[2025-10-05T06:30:53.429+0000] {taskinstance.py:2674} INFO - 0 downstream tasks scheduled from follow-on schedule check
